// Jest Snapshot v1, https://goo.gl/fbAQLP

exports[`pruebas en FirstApp Hacaer match con el snapshot 1`] = `
<div>
  <h1
    data-testid="test-title"
  >
    Hola soy Sergio
  </h1>
  <p>
    El es un estudiante de la UNA
  </p>
  <p>
    El es un estudiante de la UNA
  </p>
  <p>
    El es un estudiante de la UNA
  </p>
</div>
`;
